// Jest Snapshot v1, https://goo.gl/fbAQLP

exports[`CollectorList rendering renders 1`] = `
<Fragment>
  <ResourceList
    testID="resource-list"
  >
    <ResourceListHeader
      testID="resource-list--header"
    >
      <ResourceListSorter
        name="Name"
        sort="none"
        sortKey="name"
        testID="resource-list--sorter"
      />
      <ResourceListSorter
        name="Bucket"
        sort="none"
        sortKey="bucket"
        testID="resource-list--sorter"
      />
    </ResourceListHeader>
    <ResourceListBody
      emptyState={<React.Fragment />}
      testID="resource-list--body"
    >
      <Connect(withRouter(CollectorRow))
        bucket=""
        collector={
          Object {
            "id": "03636a150fb51000",
            "name": "Name this Configuration",
            "orgID": "03636a0aabb51000",
          }
        }
        key="03636a150fb51000"
        onDelete={[MockFunction]}
        onUpdate={[MockFunction]}
      />
      <Connect(withRouter(CollectorRow))
        bucket=""
        collector={
          Object {
            "id": "03636a150fb51001",
            "name": "Name this Configuration",
            "orgID": "03636a0aabb51000",
          }
        }
        key="03636a150fb51001"
        onDelete={[MockFunction]}
        onUpdate={[MockFunction]}
      />
    </ResourceListBody>
  </ResourceList>
</Fragment>
`;
