// Jest Snapshot v1, https://goo.gl/fbAQLP

exports[`TasksList rendering renders 1`] = `
<Fragment>
  <ResourceList
    testID="resource-list"
  >
    <ResourceListHeader
      testID="resource-list--header"
    >
      <ResourceListSorter
        name="Name"
        sort="none"
        sortKey="name"
        testID="resource-list--sorter"
      />
      <ResourceListSorter
        name="Active"
        sort="none"
        sortKey="status"
        testID="resource-list--sorter"
      />
      <ResourceListSorter
        name="Schedule"
        sort="none"
        sortKey="every"
        testID="resource-list--sorter"
      />
      <ResourceListSorter
        name="Last Completed"
        sort="none"
        sortKey="latestCompleted"
        testID="resource-list--sorter"
      />
    </ResourceListHeader>
    <ResourceListBody
      emptyState={
        <EmptyTasksLists
          onCreate={[Function]}
          onImportTask={[Function]}
          searchTerm=""
        />
      }
      testID="resource-list--body"
    >
      <Connect(withRouter(TaskCard))
        key="task-id--02ef9deff2141000"
        onActivate={[Function]}
        onDelete={[Function]}
        onSelect={[Function]}
        task={
          Object {
            "cron": "2 0 * * *",
            "flux": "option task = {
  name: \\"pasdlak\\",
  cron: \\"2 0 * * *\\"
}
from(bucket: \\"inbucket\\") 
|> range(start: -1h)",
            "id": "02ef9deff2141000",
            "labels": Array [],
            "name": "pasdlak",
            "org": "default",
            "orgID": "02ee9e2a29d73000",
            "status": "active",
          }
        }
      />
      <Connect(withRouter(TaskCard))
        key="task-id--02f12c50dba72000"
        onActivate={[Function]}
        onDelete={[Function]}
        onSelect={[Function]}
        task={
          Object {
            "every": "1m0s",
            "flux": "option task = {
  name: \\"somename\\",
  every: 1m,
}
from(bucket: \\"inbucket\\") 
|> range(start: -task.every)",
            "id": "02f12c50dba72000",
            "labels": Array [
              Object {
                "id": "0001",
                "name": "Trogdor",
                "properties": Object {
                  "color": "#44ffcc",
                  "description": "Burninating the countryside",
                },
              },
              Object {
                "id": "0002",
                "name": "Strawberry",
                "properties": Object {
                  "color": "#ff0054",
                  "description": "It is a great fruit",
                },
              },
            ],
            "name": "somename",
            "org": "default",
            "orgID": "02ee9e2a29d73000",
            "status": "active",
          }
        }
      />
    </ResourceListBody>
  </ResourceList>
</Fragment>
`;
