// Jest Snapshot v1, https://goo.gl/fbAQLP

exports[`TaskForm rendering renders 1`] = `
<Form
  testID="form-container"
>
  <Grid
    testID="grid"
  >
    <GridRow
      testID="grid--row"
    >
      <GridColumn
        testID="grid--column"
        widthXS={12}
      >
        <FormElement
          label="Name"
          testID="form--element"
        >
          <Input
            autoFocus={false}
            autocomplete="off"
            disabledTitleText="This input is disabled"
            name="name"
            onChange={[MockFunction]}
            placeholder="Name your task"
            size="sm"
            spellCheck={false}
            status="default"
            testID="input-field"
            titleText=""
            type="text"
            value=""
          />
        </FormElement>
      </GridColumn>
      <GridColumn
        testID="grid--column"
        widthXS={12}
      >
        <FormElement
          label="Schedule Task"
          testID="form--element"
        >
          <ComponentSpacer
            alignItems="flex-start"
            direction="column"
            justifyContent="flex-start"
            margin="sm"
            stretchToFitHeight={false}
            stretchToFitWidth={false}
            testID="component-spacer"
          >
            <Radio
              color="primary"
              shape="stretch"
              size="sm"
              testID="radio-button"
            >
              <RadioButton
                active={false}
                disabled={false}
                disabledTitleText="This option is disabled"
                id="every"
                onClick={[Function]}
                testID="radio--button"
                titleText="Run task at regular intervals"
                value="interval"
              >
                Every
              </RadioButton>
              <RadioButton
                active={false}
                disabled={false}
                disabledTitleText="This option is disabled"
                id="cron"
                onClick={[Function]}
                testID="radio--button"
                titleText="Use cron syntax for more control over scheduling"
                value="cron"
              >
                Cron
              </RadioButton>
            </Radio>
          </ComponentSpacer>
        </FormElement>
      </GridColumn>
      <TaskScheduleFormFields
        onChangeInput={[MockFunction]}
      />
      <GridColumn
        testID="grid--column"
        widthXS={12}
      >
        <FormElement
          label="Token"
          testID="form--element"
        >
          <TaskTokenDropdown
            onTokenChange={[MockFunction]}
            selectedToken=""
            tokens={Array []}
          />
        </FormElement>
      </GridColumn>
    </GridRow>
  </Grid>
</Form>
`;
