// Jest Snapshot v1, https://goo.gl/fbAQLP

exports[`ScraperList rendering renders 1`] = `
<Fragment>
  <ResourceList
    testID="resource-list"
  >
    <ResourceListHeader
      testID="resource-list--header"
    >
      <ResourceListSorter
        name="name"
        sort="none"
        sortKey="name"
        testID="resource-list--sorter"
      />
      <ResourceListSorter
        name="url"
        sort="none"
        sortKey="url"
        testID="resource-list--sorter"
      />
      <ResourceListSorter
        name="bucket"
        sort="none"
        sortKey="bucket"
        testID="resource-list--sorter"
      />
    </ResourceListHeader>
    <ResourceListBody
      emptyState={<React.Fragment />}
      testID="resource-list--body"
    >
      <ScraperRow
        key="03636a0bfe351000"
        onDeleteScraper={[MockFunction]}
        onUpdateScraper={[MockFunction]}
        scraper={
          Object {
            "bucket": "a",
            "bucketID": "03636a0aabb51001",
            "id": "03636a0bfe351000",
            "name": "new target",
            "orgID": "03636a0aabb51000",
            "organization": "a",
            "type": "prometheus",
            "url": "http://localhost:9999/metrics",
          }
        }
      />
      <ScraperRow
        key="03636a0bfe351001"
        onDeleteScraper={[MockFunction]}
        onUpdateScraper={[MockFunction]}
        scraper={
          Object {
            "bucket": "a",
            "bucketID": "03636a0aabb51001",
            "id": "03636a0bfe351001",
            "name": "new target",
            "orgID": "03636a0aabb51000",
            "organization": "a",
            "type": "prometheus",
            "url": "http://localhost:9999/metrics",
          }
        }
      />
    </ResourceListBody>
  </ResourceList>
</Fragment>
`;
