// Jest Snapshot v1, https://goo.gl/fbAQLP

exports[`ConfirmationButton interaction shows the tooltip when clicked 1`] = `
<ConfirmationButton
  confirmText="Click me if you dare"
  onConfirm={[Function]}
  shape="none"
  size="sm"
  status="default"
  testID="confirmation-button"
  text="I am a dangerous button!"
>
  <ClickOutside
    onClickOutside={[Function]}
  >
    <div
      className="confirmation-button"
    >
      <t
        active={true}
        color="danger"
        onClick={[Function]}
        placeIconAfterText={false}
        shape="none"
        size="sm"
        status="default"
        testID="delete-button"
        text="I am a dangerous button!"
        type="button"
      >
        <t
          active={true}
          color="danger"
          onClick={[Function]}
          shape="none"
          size="sm"
          status="default"
          tabIndex={0}
          testID="delete-button"
          titleText="I am a dangerous button!"
          type="button"
        >
          <button
            className="button button-sm button-danger active"
            data-testid="delete-button"
            disabled={false}
            onClick={[Function]}
            tabIndex={0}
            title="I am a dangerous button!"
            type="button"
          >
            <span
              className="button--label"
            >
              I am a dangerous button!
            </span>
          </button>
        </t>
      </t>
      <div
        className="confirmation-button--tooltip visible"
      >
        <div
          className="confirmation-button--tooltip-body"
          data-testid="confirmation-button"
          onClick={[Function]}
        >
          Click me if you dare
        </div>
      </div>
    </div>
  </ClickOutside>
</ConfirmationButton>
`;

exports[`ConfirmationButton matches snapshot with minimal props 1`] = `undefined`;
