// Jest Snapshot v1, https://goo.gl/fbAQLP

exports[`SaveAsButton rendering renders 1`] = `<SaveAsButton />`;
