// Jest Snapshot v1, https://goo.gl/fbAQLP

exports[`SideBar rendering renders with children, and renders its children 1`] = `
<div
  className="side-bar show"
>
  <div
    className="side-bar--container"
  >
    <h3
      className="side-bar--title"
    >
      titleString
    </h3>
    <FancyScrollbar
      autoHeight={false}
      autoHide={false}
      className=""
      hideTracksWhenNotNeeded={true}
      maxHeight={null}
      setScrollTop={[Function]}
      style={Object {}}
    >
      <div
        className="side-bar--tabs"
      >
        <SideBarTab
          active={true}
          id="a"
          key=".0:$a"
          label="a"
          onClick={[MockFunction]}
          status="default"
        />
        <SideBarTab
          active={false}
          id="b"
          key=".0:$b"
          label="b"
          onClick={[MockFunction]}
          status="default"
        />
      </div>
    </FancyScrollbar>
  </div>
</div>
`;

exports[`SideBar rendering renders with no children 1`] = `
<div
  className="side-bar show"
>
  <div
    className="side-bar--container"
  >
    <h3
      className="side-bar--title"
    >
      titleString
    </h3>
    <FancyScrollbar
      autoHeight={false}
      autoHide={false}
      className=""
      hideTracksWhenNotNeeded={true}
      maxHeight={null}
      setScrollTop={[Function]}
      style={Object {}}
    >
      <div
        className="side-bar--tabs"
      />
    </FancyScrollbar>
  </div>
</div>
`;
