// Jest Snapshot v1, https://goo.gl/fbAQLP

exports[`MemberList rendering renders 1`] = `
<ResourceList
  testID="resource-list"
>
  <ResourceListHeader
    testID="resource-list--header"
  >
    <ResourceListSorter
      name="Username"
      sort="none"
      sortKey="name"
      testID="resource-list--sorter"
    />
    <ResourceListSorter
      name="Role"
      sort="none"
      sortKey="role"
      testID="resource-list--sorter"
    />
  </ResourceListHeader>
  <ResourceListBody
    data-testid="members-list"
    emptyState={<React.Fragment />}
    testID="resource-list--body"
  >
    <MemberCard
      key="1"
      member={
        Object {
          "id": "1",
          "links": Object {
            "self": "/api/v2/users/1",
          },
          "name": "John",
          "role": "owner",
          "status": "active",
        }
      }
    />
    <MemberCard
      key="2"
      member={
        Object {
          "id": "2",
          "links": Object {
            "self": "/api/v2/users/2",
          },
          "name": "Jane",
          "role": "owner",
          "status": "active",
        }
      }
    />
    <MemberCard
      key="3"
      member={
        Object {
          "id": "3",
          "links": Object {
            "self": "/api/v2/users/3",
          },
          "name": "Smith",
          "role": "owner",
          "status": "active",
        }
      }
    />
  </ResourceListBody>
</ResourceList>
`;
