// Jest Snapshot v1, https://goo.gl/fbAQLP

exports[`TelegrafInstructions matches snapshot 1`] = `
<div
  className="wizard-step--body"
>
  <h6>
    1. Install the Latest Telegraf
  </h6>
  <p>
    You can install the latest Telegraf by visiting the
     
    <a
      href="https://portal.influxdata.com/downloads/"
      rel="noopener noreferrer"
      target="_blank"
    >
      InfluxData DownloadsÂ 
    </a>
    page . If you already have Telegraf installed on your system, make sure it's up to date. You will need version 1.9.2 or higher.
  </p>
  <h6>
    2. Configure your API Token
  </h6>
  <p>
    Your API token is required for pushing data into InfluxDB. You can copy the following command to your terminal window to set an environment variable with your token.
  </p>
  <CodeSnippet
    copyText="export INFLUX_TOKEN="
    label="CLI"
  />
  <h6>
    3. Start Telegraf
  </h6>
  <p>
    Finally, you can run the following command to start the Telegraf agent running on your machine.
  </p>
  <CodeSnippet
    copyText="telegraf --config http://localhost/api/v2/telegrafs/"
    label="CLI"
  />
</div>
`;
