// Jest Snapshot v1, https://goo.gl/fbAQLP

exports[`LineProtocolTabs rendering renders! 1`] = `
<div>
  <default_1
    onClick={[Function]}
    tabs={
      Array [
        "Upload File",
        "Enter Manually",
        "Enter URL",
      ]
    }
  />
  <Grid
    testID="grid"
  >
    <GridRow
      testID="grid--row"
    >
      <GridColumn
        offsetLG={2}
        offsetMD={1}
        testID="grid--column"
        widthLG={8}
        widthMD={10}
        widthXS={12}
      >
        <div
          className="onboarding--admin-user-form"
        >
          <div
            className="wizard-step--lp-body"
          >
            <PrecisionDropdown />
            <default_1
              onURLChange={[Function]}
              urlInput=""
            />
          </div>
        </div>
      </GridColumn>
    </GridRow>
  </Grid>
</div>
`;
