// Jest Snapshot v1, https://goo.gl/fbAQLP

exports[`LineProtocol rendering renders! 1`] = `
<div
  className="onboarding-step"
>
  <Form
    onSubmit={[Function]}
    testID="form-container"
  >
    <FancyScrollbar
      autoHeight={false}
      autoHide={true}
      className="wizard-step--scroll-content"
      hideTracksWhenNotNeeded={true}
      maxHeight={null}
      setScrollTop={[Function]}
      style={Object {}}
    >
      <div>
        <h3
          className="wizard-step--title"
        >
          Add Data via Line Protocol
        </h3>
        <h5
          className="wizard-step--lp-sub-title"
        >
          Need help writing InfluxDB Line Protocol?
           
          <a
            href="https://v2.docs.influxdata.com/v2.0/write-data/#write-data-in-the-influxdb-ui"
            target="_blank"
          >
            See Documentation
          </a>
        </h5>
        <Connect(LineProtocolTabs)
          bucket="a"
          org="a"
          tabs={
            Array [
              "Upload File",
              "Enter Manually",
            ]
          }
        />
      </div>
    </FancyScrollbar>
    <OnboardingButtons
      autoFocusNext={true}
      backButtonText="Previous"
      nextButtonStatus="default"
      nextButtonText="Continue"
      showSkip={false}
      skipButtonText="Skip"
    />
  </Form>
</div>
`;
