// Jest Snapshot v1, https://goo.gl/fbAQLP

exports[`Onboarding.Components.CompletionStep renders 1`] = `
<div
  className="onboarding-step"
>
  <div
    className="wizard-step--scroll-area"
  >
    <FancyScrollbar
      autoHeight={false}
      autoHide={false}
      className=""
      hideTracksWhenNotNeeded={true}
      maxHeight={null}
      setScrollTop={[Function]}
      style={Object {}}
    >
      <div
        className="wizard-step--scroll-content"
      >
        <h3
          className="wizard-step--title"
        >
          You are ready to go!
        </h3>
        <h5
          className="wizard-step--sub-title"
        >
          Your InfluxDB 2.0 has 1 organization, 1 user, and 1 bucket.
        </h5>
        <div
          className="splash-logo secondary"
        />
        <h3
          className="wizard-step--title"
        >
          Let’s start collecting data!
        </h3>
        <dl
          className="wizard-completion--options"
        >
          <t
            testID="grid"
          >
            <t
              testID="grid--row"
            >
              <t
                testID="grid--column"
                widthSM={4}
                widthXS={12}
              >
                <div
                  className="wizard-completion--option"
                >
                  <ResourceFetcher
                    fetcher={[Function]}
                  >
                    <Component />
                  </ResourceFetcher>
                  <dt>
                    Timing is everything!
                  </dt>
                  <dd>
                    This will set up local metric collection and allow you to explore the features of InfluxDB 2.0 quickly.
                  </dd>
                </div>
              </t>
              <t
                testID="grid--column"
                widthSM={4}
                widthXS={12}
              >
                <div
                  className="wizard-completion--option"
                >
                  <ResourceFetcher
                    fetcher={[Function]}
                  >
                    <Component />
                  </ResourceFetcher>
                  <dt>
                    Whoa looks like you’re an expert!
                  </dt>
                  <dd>
                    This allows you to set up Telegraf, scrapers, and much more.
                  </dd>
                </div>
              </t>
              <t
                testID="grid--column"
                widthSM={4}
                widthXS={12}
              >
                <div
                  className="wizard-completion--option"
                >
                  <t
                    active={false}
                    color="success"
                    onClick={[MockFunction]}
                    placeIconAfterText={false}
                    shape="none"
                    size="lg"
                    status="default"
                    testID="button--conf-later"
                    text="Configure Later"
                    type="button"
                  />
                  <dt>
                    I've got this...
                  </dt>
                  <dd>
                    Jump into InfluxDB 2.0 and set up data collection when you’re ready.
                  </dd>
                </div>
              </t>
            </t>
          </t>
        </dl>
        <h5
          className="wizard-step--sub-title"
        />
      </div>
    </FancyScrollbar>
  </div>
</div>
`;
