// Jest Snapshot v1, https://goo.gl/fbAQLP

exports[`Variables.Components.VariableForm rendering renders 1`] = `
<form
  class="cf-form--wrapper"
  data-testid="variable-form--root"
>
  <div
    class="cf-grid--container"
    data-testid="grid"
  >
    <div
      class="cf-grid--row"
      data-testid="grid--row"
    >
      <div
        class="cf-grid--column cf-col-xs-6"
        data-testid="grid--column"
      >
        <div
          class="overlay-flux-editor--spacing"
        >
          <div
            class="cf-form--element"
            data-testid="form--validation-element"
          >
            <label
              class="cf-form--label"
              data-testid="form--label"
            >
              <span>
                Name
                <span
                  class="cf-form--label-required"
                >
                  *
                </span>
              </span>
            </label>
            <div
              class="cf-input cf-input-sm"
              style="width: 100%;"
            >
              <input
                autocomplete="off"
                class="cf-input-field"
                data-testid="input-field"
                name="name"
                placeholder="Give your variable a name"
                spellcheck="false"
                title=""
                type="text"
                value=""
              />
              <div
                class="cf-input-shadow"
              />
            </div>
          </div>
        </div>
      </div>
      <div
        class="cf-grid--column cf-col-xs-6"
        data-testid="grid--column"
      >
        <div
          class="cf-form--element"
          data-testid="form--element"
        >
          <label
            class="cf-form--label"
            data-testid="form--label"
          >
            <span>
              Type
              <span
                class="cf-form--label-required"
              >
                *
              </span>
            </span>
          </label>
          <div
            class="cf-dropdown cf-dropdown__down"
            data-testid="dropdown"
            style="width: 100%;"
          >
            <button
              class="cf-button cf-button-sm cf-button-default cf-button-stretch cf-dropdown--button"
              data-testid="variable-form--dropdown-button"
              tabindex="0"
              type="button"
            >
              <span
                class="cf-dropdown--selected"
              >
                Query
              </span>
              <span
                class="cf-icon caret-down cf-dropdown--caret"
                data-testid="icon"
              />
            </button>
            <div
              class="cf-dropdown--menu-container"
            />
          </div>
        </div>
      </div>
    </div>
    <div
      class="cf-grid--row"
      data-testid="grid--row"
    >
      <div
        class="cf-grid--column cf-col-xs-12"
        data-testid="grid--column"
      >
        <div
          class="cf-form--element"
          data-testid="form--element"
        >
          <label
            class="cf-form--label"
            data-testid="form--label"
          >
            <span>
              Script
            </span>
          </label>
          <div
            class="cf-grid--column cf-col-xs-12"
            data-testid="grid--column"
          >
            <div
              class="overlay-flux-editor"
            />
          </div>
        </div>
      </div>
    </div>
    <div
      class="cf-grid--row"
      data-testid="grid--row"
    >
      <div
        class="cf-grid--column cf-col-xs-12"
        data-testid="grid--column"
      >
        <div
          class="cf-form--element cf-form--footer"
          data-testid="form--footer"
        >
          <button
            class="cf-button cf-button-sm cf-button-danger"
            data-testid="button"
            tabindex="0"
            title="Cancel"
            type="button"
          >
            <span
              class="cf-button--label"
            >
              Cancel
            </span>
          </button>
          <button
            class="cf-button cf-button-sm cf-button-primary cf-button--disabled"
            data-testid="button"
            disabled=""
            tabindex="0"
            title="Create"
            type="submit"
          >
            <span
              class="cf-button--label"
            >
              Create
            </span>
          </button>
        </div>
      </div>
    </div>
  </div>
</form>
`;
