// Jest Snapshot v1, https://goo.gl/fbAQLP

exports[`VariableList rendering renders 1`] = `
<Fragment>
  <ResourceList
    testID="resource-list"
  >
    <ResourceListHeader
      testID="resource-list--header"
    >
      <ResourceListSorter
        name="Name"
        sort="none"
        sortKey="name"
        testID="resource-list--sorter"
      />
      <ResourceListSorter
        name="Type"
        sort="none"
        sortKey="arguments"
        testID="resource-list--sorter"
      />
    </ResourceListHeader>
    <ResourceListBody
      emptyState={<React.Fragment />}
      testID="resource-list--body"
    >
      <Connect(withRouter(VariableCard))
        key="variable-0"
        onDeleteVariable={[MockFunction]}
        onEditVariable={[Function]}
        variable={
          Object {
            "arguments": Object {
              "type": "query",
              "values": Object {
                "language": "flux",
                "query": "1 + 1 ",
              },
            },
            "name": "a little variable",
            "orgID": "0",
          }
        }
      />
    </ResourceListBody>
  </ResourceList>
</Fragment>
`;
